exports[`Feed testing render Feed 1`] = `
<div
  className="sc-AxgMl jpoiXK feed"
  onScroll={[Function]} />
`;
